// Jest Snapshot v1, https://goo.gl/fbAQLP

exports[`App component matches snapshot 1`] = `
<DocumentFragment>
  <div
    class="container-fluid p-0"
  >
    <header
      class="flex items-center justify-between p-2 bg-dark text-white bg-black"
    >
      <div
        class="cursor-pointer h3 text-lg"
        data-testid="shopper"
      >
        Shopper
      </div>
      <div
        class="flex gap-4"
      >
        <p
          class="cursor-pointer"
          data-testid="generate-coupan"
        >
          Generate Coupan
        </p>
        <button
          class="bg-gray border rounded-md px-2 py-1 relative"
        >
          Your Cart
          <span
            class="bi bi-cart4"
          />
          <span
            class="absolute top-[-5px] end-[-5px] bg-[red] rounded-[50%] w-[13px] h-[13px] text-[10px] flex justify-center items-center font-extrabold"
          >
            0
          </span>
        </button>
      </div>
    </header>
    <section
      class="mt-3 row"
    >
      <main
        class="col-12 flex flex-wrap overflow-auto justify-around"
        style="height: 100%;"
      />
    </section>
  </div>
</DocumentFragment>
`;
